[www.madisonlewisportfolio.com/index.html]
[static.parastorage.com/unpkg/core-js-bundle@3.2.1/minified.js]
[static.parastorage.com/unpkg/focus-within-polyfill@5.0.9/dist/focus-within-polyfill.js]
[backblue.gif]
[fade.gif]
[index.html]
[polyfill-fastly.io/v3/polyfill.mind82c.js]
[static.wixstatic.com/media/41d000_9724e5a0e7b726020d137b111fa7e916.jpg/v1/fill/w_/41d000_9724e5a0e7b72602]
[www.madisonlewisportfolio.com/photography.html]
[www.madisonlewisportfolio.com/pre-production.html]
[www.madisonlewisportfolio.com/resume.html]
[www.madisonlewisportfolio.com/contact.html]
[static.wixstatic.com/media/39811a_af53067589574f96a3679ababd877d18_mv2.png/v1/fil/39811a_af53067589574f96]
[static.parastorage.com/services/wix-thunderbolt/dist/8875.d06b9c87.bundle.min.js]
[static.wixstatic.com/media/39811a_c7102a24468747369cb3567151dea2ad_mv2.jpg/v1/fil/39811a_c7102a2446874736]
[browser.sentry-cdn.com/6.18.2/bundle.min.js]
[www.madisonlewisportfolio.com/sitemap.c.delayed]
[www.madisonlewisportfolio.com/feed.d.delayed]
[static.parastorage.com/services/wix-thunderbolt/dist/thunderbolt-commons.f7d0fdb6.bundle.min.js]
[static.parastorage.com/services/wix-thunderbolt/dist/main.29ab66d7.bundle.min.js]
[static.parastorage.com/services/wix-thunderbolt/dist/main.renderer.1d21f023.bundle.min.js]
[static.parastorage.com/unpkg/lodash@4.17.21/lodash.min.js]
[static.parastorage.com/unpkg/react@18.3.1/umd/react.production.min.js]
[static.parastorage.com/unpkg/react-dom@18.3.1/umd/react-dom.production.min.js]
[static.parastorage.com/services/wix-thunderbolt/dist/browser-deprecation.bundle.es5.js]
[www.madisonlewisportfolio.com/decodeURIComponent(e.15.delayed]
[www.madisonlewisportfolio.com/index.html]
[static.parastorage.com/services/tag-manager-client/1.920.0/siteTags.bundle.min.js]
[www.madisonlewisportfolio.com/i.17.delayed]
[www.madisonlewisportfolio.com/t.18.delayed]
[static.parastorage.com/services/wix-thunderbolt/dist/thunderbolt-commons.d87b306d.bundle.min.js]
[static.wixstatic.com/media/39811a_af53067589574f96a3679ababd877d18_mv2.png/v1/fil/selfPortrait2_edited.19]
[www.madisonlewisportfolio.com/photography.html]
[static.wixstatic.com/media/39811a_65dcac3e38e0469b9505de2b44db311c_mv2.jpg/v1/fil/Bridge Silhouette 4.1a]
[static.wixstatic.com/media/39811a_e279bcc19b084d92a59c6a90e85bd1ef_mv2.jpg/v1/fil/Broken Windows (Edited)]
[static.parastorage.com/services/wix-thunderbolt/dist/main.3fb0da1c.bundle.min.js]
[static.wixstatic.com/media/39811a_eb766452f2f34ae8918e36c85dd17579_mv2.jpg/v1/fill//Pink lights.1c.delaye]
[static.wixstatic.com/media/39811a_640752bfc3074848b67047fa2abf46b8_mv2.jpg/v1/crop/x_9,/Series3.1d.delaye]
[static.wixstatic.com/media/39811a_a69ceb2249274d8c98d6b9e100c3a3cb_mv2.jpg/v1/fil/39811a_a69ceb2249274d8c]
[www.madisonlewisportfolio.com/_files/ugd/Noise_Short_Film%20-%20PDF.pdf_; filename_=UTF-8''Noise_Short_Fi]
[static.wixstatic.com/media/39811a_839692df6e5c4e4c9776b8de77b33990_mv2.jpg/v1/cro/39811a_839692df6e5c4e4c]
[static.wixstatic.com/media/39811a_7d610518c62a4d5f858421e8b9eac8f3_mv2.jpg/v1/crop/x_14/Series2.20.delaye]
[www.madisonlewisportfolio.com/_files/ugd/The_Proposal_Short_Film%20-%20PDF.pdf_; filename_=UTF-8''The_Pro]
[www.madisonlewisportfolio.com/_files/ugd/PSA_Donation%20-%20PDF.pdf_; filename_=UTF-8''PSA_Donation%20-%2]
[www.madisonlewisportfolio.com/_files/ugd/Production%20Feature%20-%20PDF.pdf_; filename_=UTF-8''Production]
[www.madisonlewisportfolio.com/_files/ugd/Global%20Village%20Commercial.pdf_; filename_=UTF-8''Global%20Vi]
[www.madisonlewisportfolio.com/_files/ugd/News%20Package%20Script%20-%20PDF.pdf_; filename_=UTF-8''News%20]
[www.madisonlewisportfolio.com/_files/ugd/Resignation%20-%20PDF.pdf_; filename_=UTF-8''Resignation%20-%20P]
[www.madisonlewisportfolio.com/_files/ugd/FIltered_Short_Film%20-%20PDF.pdf_; filename_=UTF-8''FIltered_Sh]
[www.madisonlewisportfolio.com/_files/ugd/Lifesavers_Commercial%20-%20PDF.pdf_; filename_=UTF-8''Lifesaver]
[www.madisonlewisportfolio.com/_files/ugd/Pinterest%20Ad%20Script%20-%20PDF.pdf_; filename_=UTF-8''Pintere]
[www.madisonlewisportfolio.com/pre-production.html]
[static.wixstatic.com/media/39811a_d58e70e26fb547df928d9c53fd6862b3_mv2.png/v1/fil/Screenshot 2024-02-16 1]
[static.wixstatic.com/media/39811a_aaf51e0e4aa643fc926f5e61d227144b_mv2.png/v1/fil/Screenshot 2024-02-16 1]
[static.wixstatic.com/media/39811a_0f547545cff04eb6811b6856d1f35301_mv2.png/v1/fil/Screenshot 2024-02-16 1]
[static.wixstatic.com/media/39811a_92046cf16ff34c8385d40783f75d796e_mv2.png/v1/fil/Screenshot 2024-02-16 1]
[static.wixstatic.com/media/39811a_32648ce4a8c848a0966abd25e7e0bbe1_mv2.png/v1/fil/Screenshot 2024-02-16 1]
[www.madisonlewisportfolio.com/_files/ugd/2024%20Resume%20%28Updated%29-2.pdf_; filename_=UTF-8''2024%20Re]
[www.madisonlewisportfolio.com/resume.html]
[static.wixstatic.com/media/39811a_82b27a7083a341abb3f4f300ed01294f_mv2.png/v1/fil/Screenshot 2024-02-16 1]
[static.wixstatic.com/media/39811a_a571e3f96dd14e6db8fd3c3805a479d2_mv2.png/v1/fil/Screenshot 2024-02-16 1]
[static.wixstatic.com/media/39811a_986e6048bd0246948427d3b4c03f4be1_mv2.png/v1/fil/Screenshot 2024-02-16 1]
[www.madisonlewisportfolio.com/contact.html]
[www.madisonlewisportfolio.com/sitemap.html]
[static.wixstatic.com/media/39811a_c314dc2c50ee45f89d77a2025711db9c_mv2.png/v1/fil/Screenshot 2024-02-16 1]
[www.madisonlewisportfolio.com/feed.html]
[www.madisonlewisportfolio.com/decodeURIComponent(e.html]
[www.madisonlewisportfolio.com/i.html]
[www.madisonlewisportfolio.com/t.html]
[static.wixstatic.com/media/39811a_7f167d091dcf48eb9c537c74aadb9cc2_mv2.png/v1/fil/Screenshot 2024-03-26 1]
[static.wixstatic.com/media/39811a_ecc8c111f68c467dbea54c9b79c33067_mv2.png/v1/fil/Screenshot 2024-02-16 1]
