[mberberet15.wixsite.com/portfolio.html]
[static.parastorage.com/unpkg/core-js-bundle@3.2.1/minified.js]
[static.parastorage.com/unpkg/focus-within-polyfill@5.0.9/dist/focus-within-polyfill.js]
[backblue.gif]
[fade.gif]
[index.html]
[polyfill-fastly.io/v3/polyfill.mind82c.js]
[mberberet15.wixsite.com/i.4.delayed]
[mberberet15.wixsite.com/t.5.delayed]
[mberberet15.wixsite.com/index.html]
[mberberet15.wixsite.com/portfolio/resume.html]
[mberberet15.wixsite.com/portfolio/internship.html]
[mberberet15.wixsite.com/portfolio/schoolwork.html]
[mberberet15.wixsite.com/portfolio/contact.html]
[static.parastorage.com/services/wix-thunderbolt/dist/8875.d06b9c87.bundle.min.js]
[static.wixstatic.com/media/0470c0_393e25767873479f917afbe9804cca96_mv2.jpg/v1//Meagan Headshot_edited]
[browser.sentry-cdn.com/6.18.2/bundle.min.js]
[mberberet15.wixsite.com/sitemap.d.delayed]
[mberberet15.wixsite.com/feed.e.delayed]
[static.parastorage.com/services/wix-thunderbolt/dist/thunderbolt-commons.d87b306d.bundle.min.js]
[static.parastorage.com/services/wix-thunderbolt/dist/main.3fb0da1c.bundle.min.js]
[static.parastorage.com/services/wix-thunderbolt/dist/main.renderer.1d21f023.bundle.min.js]
[static.parastorage.com/unpkg/lodash@4.17.21/lodash.min.js]
[static.parastorage.com/unpkg/react@18.3.1/umd/react.production.min.js]
[static.parastorage.com/unpkg/react-dom@18.3.1/umd/react-dom.production.min.js]
[static.parastorage.com/services/wix-thunderbolt/dist/browser-deprecation.bundle.es5.js]
[mberberet15.wixsite.com/decodeURIComponent(e.16.delayed]
[mberberet15.wixsite.com/portfolio.html]
[mberberet15.wixsite.com/i.html]
[mberberet15.wixsite.com/t.html]
[mberberet15.wixsite.com/index.html]
[static.parastorage.com/services/tag-manager-client/1.920.0/siteTags.bundle.min.js]
[mberberet15.wixsite.com/portfolio/i.18.delayed]
[mberberet15.wixsite.com/portfolio/t.19.delayed]
[mberberet15.wixsite.com/portfolio/robots.1b.delayed]
[static.wixstatic.com/media/0470c0_c8fb3fc4eaf041eabeb910ec4b47d29c_mv2.png/v1/crop//MBResume.1a.delaye]
[mberberet15.wixsite.com/portfolio/sitemap.1c.delayed]
[mberberet15.wixsite.com/portfolio/feed.1d.delayed]
[mberberet15.wixsite.com/portfolio/decodeURIComponent(e.1e.delayed]
[mberberet15.wixsite.com/portfolio/resume.html]
[mberberet15.wixsite.com/portfolio/internship.html]
[static.wixstatic.com/media/0470c0_3367aa15b94146a98383eb5fc4f9d922_mv2.png/v1/crop/x_/1 copy.1f.delaye]
[mberberet15.wixsite.com/portfolio/schoolwork.html]
[static.wixstatic.com/media/0470c0_9aff88ca5cca42d0b96cdc078aab65ae_mv2.png/v1/crop/Blog Post.22.delaye]
[static.wixstatic.com/media/0470c0_5ca5acbad16342ff9fdbf1df2d654dce_mv2.png/v1/crop/NBSCA (4).20.delaye]
[static.wixstatic.com/media/0470c0_679898a37ddd4f9cb818e1b72e1aa875_mv2.png/v1/fill/w_61,h_/1.21.delaye]
[static.wixstatic.com/media/0470c0_9182f9bd94dd4212a7baac1f1da593f4_mv2.png/v1//Screenshot 2024-07-09 a]
[static.wixstatic.com/media/0470c0_795be5d7ab464fbe88189fbc309302b8_mv2.jpg/v1//magazine cover.25.delay]
[mberberet15.wixsite.com/portfolio/contact.html]
[static.wixstatic.com/media/0470c0_2b31046a095d4340bcf0b4913343ac75_mv2.png/v1//Screenshot 2024-07-11 a]
[mberberet15.wixsite.com/sitemap.html]
[static.wixstatic.com/media/0470c0_d4971f6a829d45f6bd9eb7fcda769eb8_mv2.png/v1//Screenshot 2024-07-09 a]
[mberberet15.wixsite.com/feed.html]
[static.wixstatic.com/media/0470c0_92b6a58a124d409e869c5b829def13af_mv2.png/v1//Screenshot 2024-07-09 a]
[static.wixstatic.com/media/0470c0_b37c8ee1f3eb4013837f7b3718bd8ab6_mv2.png/v1//Screenshot 2024-07-13 a]
[mberberet15.wixsite.com/decodeURIComponent(e.html]
[static.wixstatic.com/media/0470c0_e325b4d1b5554378a4262a612898c9c9_mv2.png/v1//Screenshot 2024-07-14 a]
[mberberet15.wixsite.com/portfolio/i.html]
[static.wixstatic.com/media/0470c0_529b3d40d31b4542a7bec87a1b12f154_mv2.png/v1//Screenshot 2024-07-09 a]
[static.wixstatic.com/media/0470c0_70654d2b9c5c40b29b648fc8353085f4_mv2.png/v1//Screenshot 2024-07-09 a]
[mberberet15.wixsite.com/portfolio/t.html]
[mberberet15.wixsite.com/portfolio/robots.html]
[static.wixstatic.com/media/0470c0_5b4ebd109dc64e4a9856bd54d4748e68_mv2.jpg/v1//Screenshot 2024-07-09 a]
[mberberet15.wixsite.com/portfolio/sitemap.html]
[static.wixstatic.com/media/0470c0_16decc9d0b1f4c77a86caee15ebed877_mv2.png/v1//Screenshot 2024-07-11 a]
[mberberet15.wixsite.com/portfolio/feed.html]
[static.wixstatic.com/media/0470c0_50d625d234e54aa58c5719c7980a933f_mv2.png/v1//Screenshot 2024-07-11 a]
[mberberet15.wixsite.com/portfolio/decodeURIComponent(e.html]
[static.wixstatic.com/media/0470c0_e8ddc864144e4a1e9527c8c446badac0_mv2.png/v1//Screenshot 2024-07-11 a]
[static.wixstatic.com/media/0470c0_737df27c7bef4984936a57c791134ef5_mv2.png/v1//Screenshot 2024-07-13 a]
[static.wixstatic.com/media/0470c0_4e60c6039aee47eba80c69bb70658c85_mv2.png/v1//Screenshot 2024-07-13 a]
