[madisonsample2020.wixsite.com/madison-hutchinson-m.html]
[static.parastorage.com/unpkg/core-js-bundle@3.2.1/minified.js]
[static.parastorage.com/unpkg/focus-within-polyfill@5.0.9/dist/focus-within-polyfill.js]
[backblue.gif]
[fade.gif]
[index.html]
[polyfill-fastly.io/v3/polyfill.mind82c.js]
[madisonsample2020.wixsite.com/i.4.delayed]
[madisonsample2020.wixsite.com/t.5.delayed]
[madisonsample2020.wixsite.com/index.html]
[madisonsample2020.wixsite.com/madison-hutchinson-m/general-5.html]
[madisonsample2020.wixsite.com/madison-hutchinson-m/s-projects-basic.html]
[madisonsample2020.wixsite.com/madison-hutchinson-m/s-projects-basic-1.html]
[madisonsample2020.wixsite.com/madison-hutchinson-m/s-projects-basic-2.html]
[madisonsample2020.wixsite.com/madison-hutchinson-m/s-projects-basic-3.html]
[madisonsample2020.wixsite.com/madison-hutchinson-m/blank-1.html]
[madisonsample2020.wixsite.com/madison-hutchinson-m/blank-3.html]
[static.parastorage.com/services/wix-thunderbolt/dist/8875.d06b9c87.bundle.min.js]
[static.wixstatic.com/media/f70070_31b3389aaa9b40d093992318c43b675a_mv2.jpg/v/f70070_31b3389aaa9b40d0]
[static.wixstatic.com/media/f70070_b2d84f6704fe486ab3edff3caafecadf_mv2.jpg/v/f70070_b2d84f6704fe486a]
[static.wixstatic.com/media/f70070_58f85d00f84e409092a797d4b43f972b_mv2.jpg/v/f70070_58f85d00f84e4090]
[browser.sentry-cdn.com/6.18.2/bundle.min.js]
[static.wixstatic.com/media/5b3e8da1b1c746a88c392f4149aa9a3e.jpg/v1/fill/w_75,/Fibre Optics.12.delaye]
[static.wixstatic.com/media/11062b_e7c769349e6f4d06a4b56934e06df0e3_mv2.jpe/v/News Reporter.10.delaye]
[static.wixstatic.com/media/f4f9f9ba52a64da0908950e9db023d04.jpg/v1/fill/w_75/Fashion Headphones.11.d]
[static.wixstatic.com/media/11062b_e7c769349e6f4d06a4b56934e06df0e3_mv2.jpe/v/News Reporter.13.delaye]
[madisonsample2020.wixsite.com/sitemap.16.delayed]
[madisonsample2020.wixsite.com/feed.17.delayed]
[static.parastorage.com/services/wix-thunderbolt/dist/thunderbolt-commons.d87b306d.bundle.min.18.dela]
[static.parastorage.com/services/wix-thunderbolt/dist/main.3fb0da1c.bundle.min.js]
[static.parastorage.com/services/wix-thunderbolt/dist/main.renderer.1d21f023.bundle.min.js]
[static.parastorage.com/unpkg/lodash@4.17.21/lodash.min.js]
[static.parastorage.com/unpkg/react@18.3.1/umd/react.production.min.js]
[static.parastorage.com/unpkg/react-dom@18.3.1/umd/react-dom.production.min.js]
[static.parastorage.com/services/wix-thunderbolt/dist/browser-deprecation.bundle.es5.js]
[madisonsample2020.wixsite.com/decodeURIComponent(e.1f.delayed]
[madisonsample2020.wixsite.com/madison-hutchinson-m.html]
[madisonsample2020.wixsite.com/i.html]
[madisonsample2020.wixsite.com/t.html]
[madisonsample2020.wixsite.com/index.html]
[static.parastorage.com/services/tag-manager-client/1.920.0/siteTags.bundle.min.js]
[madisonsample2020.wixsite.com/madison-hutchinson-m/i.21.delayed]
[madisonsample2020.wixsite.com/madison-hutchinson-m/t.22.delayed]
[madisonsample2020.wixsite.com/madison-hutchinson-m/robots.23.delayed]
[madisonsample2020.wixsite.com/madison-hutchinson-m/sitemap.xml]
[madisonsample2020.wixsite.com/madison-hutchinson-m/feed.25.delayed]
[madisonsample2020.wixsite.com/madison-hutchinson-m/decodeURIComponent(e.26.delayed]
[madisonsample2020.wixsite.com/madison-hutchinson-m/general-5.html]
[madisonsample2020.wixsite.com/madison-hutchinson-m/s-projects-basic.html]
[static.wixstatic.com/media/dd1c0983093c4eb38fc8bbb0283c7d15.jpg/v1/crop/x_0,y_1/Typewriter.27.delaye]
[madisonsample2020.wixsite.com/madison-hutchinson-m/s-projects-basic-1.html]
[static.wixstatic.com/media/11062b_eae24a1a16bf4eb28e68c4f2877d5ba8_mv2.jpe/v/Vintage Radio.2b.delaye]
[static.wixstatic.com/media/a23bee61473546edb3b7130e47de1dae.png/v1/fill/w_27/a23bee61473546edb3b7130]
[madisonsample2020.wixsite.com/madison-hutchinson-m/s-projects-basic-2.html]
[static.wixstatic.com/media/11062b_4dfee3a0a104466593f3a028a443e358_mv2.jpg/v/Stack of Newspapers.28]
[static.wixstatic.com/media/11062b_c925e5e9246a4699a1628886f3022f7c_mv2.jpg/v/Pile of Newspapers.29.d]
[static.wixstatic.com/media/11062b_3b8f953772044d8db34d1d945a785691_mv2.jpg/v/Newspaper Stack.2a.dela]
[static.wixstatic.com/media/f70070_be6d1629dc12499ba61e7a49d3325d9a_mv2.jpg/v/v0HMY8k7_400x400.2d.del]
[static.wixstatic.com/media/f70070_8db84c430a574b23851caf0860394313_mv2.jpg/v/f70070_8db84c430a574b23]
[static.wixstatic.com/media/0fc820b444c64c6da606fc2fa09830cc.jpg/v1/crop/x_0,y_9/Film Reels.2f.delaye]
[madisonsample2020.wixsite.com/madison-hutchinson-m/media/emptystate.85a4add5.31.delayed]
[madisonsample2020.wixsite.com/madison-hutchinson-m/s-projects-basic-3.html]
[static.wixstatic.com/media/f70070_84e4d12f20344981abc19b6030430a7d_mv2.png/v/Screen-Shot-2022-03-18-]
[static.wixstatic.com/media/f70070_c018dc8aad37409cbcbb2fdb6259afd7_mv2.png/v/f70070_c018dc8aad37409c]
[static.wixstatic.com/media/f70070_c75d3f7f61104065babff900aad2b3c9_mv2.png/v/f70070_c75d3f7f61104065]
[static.wixstatic.com/media/f70070_3ec971598d9b48d09cbc7b25f2aaae32f003.jpg/v/f70070_3ec971598d9b48d0]
[madisonsample2020.wixsite.com/madison-hutchinson-m/blank-1.html]
[static.wixstatic.com/media/f70070_2a80ac577ab54d3385c57280bcfc4b80f003.jpg/v/f70070_2a80ac577ab54d33]
[madisonsample2020.wixsite.com/madison-hutchinson-m/blank-3.html]
[static.wixstatic.com/media/f70070_d9a2c7a7f2794444a902b598a743dea4_mv2.jpg/v/IMG_5433 (1)_edited.37]
[madisonsample2020.wixsite.com/sitemap.html]
[madisonsample2020.wixsite.com/feed.html]
[madisonsample2020.wixsite.com/decodeURIComponent(e.html]
[madisonsample2020.wixsite.com/madison-hutchinson-m/i.html]
[madisonsample2020.wixsite.com/madison-hutchinson-m/t.html]
[madisonsample2020.wixsite.com/madison-hutchinson-m/robots.html]
[madisonsample2020.wixsite.com/madison-hutchinson-m/feed.html]
[madisonsample2020.wixsite.com/madison-hutchinson-m/decodeURIComponent(e.html]
[madisonsample2020.wixsite.com/madison-hutchinson-m/media/emptystate.85a4add5.html]
[static.parastorage.com/services/pro-gallery-tpa/1.1083.0/WixProGalleryViewerWidget.bundle.min.36.del]
