[sophmagnussenport.my.canva.site/index.html]
[backblue.gif]
[fade.gif]
[index.html]
[sophmagnussenport.my.canva.site/a0684b0780c739e9.vendor.ltr.css]
[sophmagnussenport.my.canva.site/0b6d80cb497ba2db.ltr.css]
[sophmagnussenport.my.canva.site/static_font_4.ltr.css]
[sophmagnussenport.my.canva.site/4ea1331583bd324c.strings.js]
[sophmagnussenport.my.canva.site/74290ec72ffbca45.en.js]
[sophmagnussenport.my.canva.site/a81be13f00fa59ad.runtime.js]
[sophmagnussenport.my.canva.site/8bf99e1463b687f7.vendor.js]
[sophmagnussenport.my.canva.site/5fc294a8e115511c.vendor.js]
[sophmagnussenport.my.canva.site/9df800ac446605e7.js]
[sophmagnussenport.my.canva.site/images/2d0b56e7e51cf11036ad8734bdb67e2d.png]
[sophmagnussenport.my.canva.site/images/e53c4bd8da5e491d9ab09e7cf0daf874.png]
[sophmagnussenport.my.canva.site/images/725b756a69a7d4c235070e51acd85560.png]
[sophmagnussenport.my.canva.site/media/18bf6bf432e1b25d2a947e0e47065aed.jpg]
[sophmagnussenport.my.canva.site/media/29e1237f378a3540ce89cee9d252fefd.jpg]
[sophmagnussenport.my.canva.site/media/f8b967fed1be8cfa4522a67a737e08a1.jpg]
[sophmagnussenport.my.canva.site/media/678c8120f6b79d4d28a68ab7ed178b5e.png]
[sophmagnussenport.my.canva.site/media/a731da27526f02d273caa17c6544f395.png]
[sophmagnussenport.my.canva.site/media/fa9ed6bf969413eb6f0cf64b7779b67a.png]
[sophmagnussenport.my.canva.site/media/82298c87fa39d17a22648a9f373ae372.jpg]
[sophmagnussenport.my.canva.site/media/6eb00b560d3dddecb3a0397c7fb1b24f.jpg]
[sophmagnussenport.my.canva.site/media/fc7646c33801915b0ad2033031620fcd.jpg]
[sophmagnussenport.my.canva.site/media/330447c21a8646504541fc4f6e7d5b51.jpg]
[sophmagnussenport.my.canva.site/media/f5544286a7105d89fd31624c96a2b053.jpg]
[sophmagnussenport.my.canva.site/media/9c5047099f8eb2c0ca6f5abac3472015.jpg]
[sophmagnussenport.my.canva.site/media/f1060a0acd74aeda3f435adb90a27854.jpg]
[sophmagnussenport.my.canva.site/media/35949948f87ad76afb2db2d8ff25f7f2.png]
[sophmagnussenport.my.canva.site/media/df45754931d4f367ce3da7f0223dddf8.png]
[sophmagnussenport.my.canva.site/media/1bbeb5f0d8660d884f0eb8502473334d.png]
[sophmagnussenport.my.canva.site/media/2ae0f3435ee294abfcf8077a94b1a853.png]
[sophmagnussenport.my.canva.site/media/a660d6a63e501a7315d11b4f5c98db63.png]
[sophmagnussenport.my.canva.site/media/103052867e1a3ff0c4fa4f293ca68c0a.jpg]
[sophmagnussenport.my.canva.site/media/5a0e0702ede92f5d470ba274b158532b.jpg]
[sophmagnussenport.my.canva.site/media/e8bf97cacc214e183c8d0221e8cebb59.jpg]
[sophmagnussenport.my.canva.site/media/54c7b9a0ba461e591100ebba7e795bd2.jpg]
[sophmagnussenport.my.canva.site/media/57ad4762b06da7f1236c262e184528f3.jpg]
[sophmagnussenport.my.canva.site/media/f556956ca46e487cfb1cde64ad41a5ad.jpg]
[sophmagnussenport.my.canva.site/media/7430cff73242d3023e6badec697c15a9.jpg]
[sophmagnussenport.my.canva.site/media/3f6e3950a3b8a3c25481ea6c957cb598.jpg]
[sophmagnussenport.my.canva.site/media/cc8103d505046e97feba40cf3c359b9c.jpg]
[sophmagnussenport.my.canva.site/media/ee4b58bfe950c854254b3061f7dd0c13.jpg]
[sophmagnussenport.my.canva.site/index.html]
[sophmagnussenport.my.canva.site/a0684b0780c739e9.vendor.ltr.css]
[sophmagnussenport.my.canva.site/images/a9b8e7902ec1ab885d382156f33738e5.woff2]
[sophmagnussenport.my.canva.site/images/013277426f0d555d96c7a75503df5754.woff]
[sophmagnussenport.my.canva.site/images/d97a6ffa507b670a5b1664f98fc1183d.woff2]
[sophmagnussenport.my.canva.site/images/1de7434d86166b0614ff3d61cda11a54.woff]
[sophmagnussenport.my.canva.site/images/cff149ee1e9d2be50ac77bcd86769d05.woff2]
[sophmagnussenport.my.canva.site/images/f93a5165fac252ecfd593929c4e6146f.woff]
[sophmagnussenport.my.canva.site/images/621675e6be83f675d33562d2ff7a0f63.woff2]
[sophmagnussenport.my.canva.site/images/762fe37b99d49707e783d6281412d12f.woff2]
[sophmagnussenport.my.canva.site/images/d83221ee6a6841b17a754f68b6c5a3de.woff2]
[sophmagnussenport.my.canva.site/images/e237b20d624e9275cdc02a523ab7f983.woff2]
[sophmagnussenport.my.canva.site/images/3b5447850810ff964de17bcd37e03d5a.woff2]
[sophmagnussenport.my.canva.site/images/a13025bc22c0d623507f155005c54563.woff2]
[sophmagnussenport.my.canva.site/images/ad480883f297c3606af00979ee4c4483.woff]
[sophmagnussenport.my.canva.site/images/477aad26d9a5a64609483931aa0a7a05.woff2]
[sophmagnussenport.my.canva.site/images/0e2be7bf67e32755fd73a605a2afd13b.woff]
[sophmagnussenport.my.canva.site/images/85b2d625d97d50571765987bbac33850.woff2]
[sophmagnussenport.my.canva.site/images/3f03afd80eaf13ee58a7d0945b7d0963.woff]
[sophmagnussenport.my.canva.site/images/02bba2de1b5f7fc3b564b21521e774d0.woff2]
[sophmagnussenport.my.canva.site/images/163124370f3e2ded710887a156ab3fa3.woff]
[sophmagnussenport.my.canva.site/images/0b41617d3a05bbbe23065ec719e26fd1.woff2]
[sophmagnussenport.my.canva.site/images/650cef2d886ef4ca5c18d3c107546daf.woff]
[sophmagnussenport.my.canva.site/images/d4b0974727cae80b9c6d087e56a9a4e4.woff2]
[sophmagnussenport.my.canva.site/images/771cbf29ddc3145dda326afee4b10fb8.woff]
[sophmagnussenport.my.canva.site/images/6c9b9f4b28322c7473667e0fc1690675.woff2]
[sophmagnussenport.my.canva.site/images/79359a454d1de78942f3c2c687fc67ea.woff]
[sophmagnussenport.my.canva.site/images/a8f52f1cd47135bfc86b1f313868708d.woff2]
[sophmagnussenport.my.canva.site/images/e3e13973dcf74ace522a4b8ef447a7de.woff]
[sophmagnussenport.my.canva.site/images/ca4237378da57e1e318978281e7fee60.woff2]
[sophmagnussenport.my.canva.site/images/d7669ff2d0106ad99a7a55c4d540478c.woff]
[sophmagnussenport.my.canva.site/images/d56fc13fe0dc1327dceed816b07dbec3.woff2]
[sophmagnussenport.my.canva.site/images/311ec631b3b3a7f88c724351af8bcef4.woff]
[sophmagnussenport.my.canva.site/images/c9972caeca3358fa2841a115105a8544.woff2]
[sophmagnussenport.my.canva.site/images/c3a91206711602c9b5f54e9514244e64.woff]
[sophmagnussenport.my.canva.site/images/dafb7fee1db6b7ae9b1184239b11acf5.woff2]
[sophmagnussenport.my.canva.site/images/d6cbb5c42a1149e38e1fb7a238032bc8.woff]
[sophmagnussenport.my.canva.site/images/964b01a520402dcf8405de90289c35f4.woff2]
[sophmagnussenport.my.canva.site/images/4badd42f0e1cdba66ffbd5cc91aa4365.woff]
[sophmagnussenport.my.canva.site/images/58cf708f2cc4d2b3bbf7e6add25f5c20.woff2]
[sophmagnussenport.my.canva.site/images/4f9f09e9c9bc053cc21f7cf7f5590904.woff]
[sophmagnussenport.my.canva.site/images/4bdcf0ce1296b448409c024e57fdcdb9.woff2]
[sophmagnussenport.my.canva.site/images/005dabb12cdb5c5deabd1782c3ff196d.woff]
[sophmagnussenport.my.canva.site/images/f4113bb9d3def37ca7f5c7cd2341ec33.woff2]
[sophmagnussenport.my.canva.site/images/614a39a4813512a63e905b12dc5f41ba.woff]
[sophmagnussenport.my.canva.site/images/5989cf357de7427311e30576891372df.woff2]
[sophmagnussenport.my.canva.site/images/b3571e313b47ed988fc8429322af7677.woff]
[sophmagnussenport.my.canva.site/images/5d050a324d95a6a18dae93e08c01bd6b.woff2]
[sophmagnussenport.my.canva.site/images/08f3a04653878f9b2369ec3c327d7c46.woff]
[sophmagnussenport.my.canva.site/images/87e22a62965f141aa08e93699b0b3527.jpg]
[sophmagnussenport.my.canva.site/images/b46630e470f4040eba7033cf2435edce.woff]
[sophmagnussenport.my.canva.site/images/e755c8eab4133359c241132063a279d0.woff2]
[sophmagnussenport.my.canva.site/images/89ba4e29dc7a63cd15959a5bb068bb0e.woff]
[sophmagnussenport.my.canva.site/images/0c4fa4c622644d97f38d201cba1d30f5.woff2]
[sophmagnussenport.my.canva.site/images/a47b96672d775073beaf93b7e7ffff54.woff2]
[sophmagnussenport.my.canva.site/images/7aed216c4e61d12ee639b0b758037c5d.woff2]
[sophmagnussenport.my.canva.site/images/eafec10d3f23f994fb6dc59545035460.woff2]
[sophmagnussenport.my.canva.site/images/6923b1967484e2b12e1016fb33061791.woff2]
[sophmagnussenport.my.canva.site/images/ff9d619b59f5cb3529b100448f398ac5.woff2]
[sophmagnussenport.my.canva.site/0b6d80cb497ba2db.ltr.css]
[sophmagnussenport.my.canva.site/static_font_4.ltr.css]
